### Error
TimeoutError: locator.click: Timeout 30000ms exceeded.
Call log:
[2m  - waiting for getByRole('combobox').first()[22m
[2m    - locator resolved to <input value="" type="text" tabindex="0" role="combobox" autocomplete="off" spellcheck="false" id="el-id-5600-23" aria-expanded="false" aria-haspopup="listbox" class="el-select__input" aria-activedescendant="" aria-autocomplete="none" aria-controls="el-id-5600-13"/>[22m
[2m  - attempting click action[22m
[2m    2 × waiting for element to be visible, enabled and stable[22m
[2m      - element is not stable[22m
[2m    - retrying click action[22m
[2m    - waiting 20ms[22m
[2m    - waiting for element to be visible, enabled and stable[22m
[2m    - element is not stable[22m
[2m  2 × retrying click action[22m
[2m      - waiting 100ms[22m
[2m      - waiting for element to be visible, enabled and stable[22m
[2m      - element is visible, enabled and stable[22m
[2m      - scrolling into view if needed[22m
[2m      - done scrolling[22m
[2m      - <div class="el-select__selected-item el-select__placeholder is-transparent">…</div> intercepts pointer events[22m
[2m  57 × retrying click action[22m
[2m       - waiting 500ms[22m
[2m       - waiting for element to be visible, enabled and stable[22m
[2m       - element is visible, enabled and stable[22m
[2m       - scrolling into view if needed[22m
[2m       - done scrolling[22m
[2m       - <div class="el-select__selected-item el-select__placeholder is-transparent">…</div> intercepts pointer events[22m
[2m  - retrying click action[22m
[2m    - waiting 500ms[22m

